// Jest Snapshot v1, https://goo.gl/fbAQLP

exports[`should render ExpenseList with expense 1`] = `
<div>
  <ExpenseListItem
    amount={195}
    createdAt={1970-01-01T00:00:00.000Z}
    description="Gum"
    id="1"
    key="1"
    note="Tasty Gum"
  />
  <ExpenseListItem
    amount={500}
    createdAt={1969-12-31T23:59:59.000Z}
    description="Coffee"
    id="2"
    key="2"
    note="Salted Caramel Coffee"
  />
  <ExpenseListItem
    amount={2500}
    createdAt={1970-01-01T00:00:01.000Z}
    description="Rent"
    id="3"
    key="3"
    note="Last Month Rent"
  />
</div>
`;

exports[`should render ExpenseList with no expenses 1`] = `
<div>
  <p>
    No Expenses
  </p>
</div>
`;
