// Jest Snapshot v1, https://goo.gl/fbAQLP

exports[`Should render header correctly 1`] = `
<header>
  <h1>
    Expensify
  </h1>
  <NavLink
    exact={true}
    to="/"
  >
    Dashboard
  </NavLink>
  <NavLink
    to="/create"
  >
    Add Expense
  </NavLink>
</header>
`;
