// Jest Snapshot v1, https://goo.gl/fbAQLP

exports[`should render ExpenseListItem with expense data 1`] = `
<div>
  404 - 
  <Link
    to="/"
  >
    Go Home
  </Link>
</div>
`;
